// Jest Snapshot v1, https://goo.gl/fbAQLP

exports[`ExpenseListItem should render correctly a ExpenseListItem 1`] = `
<div>
  <Link
    replace={false}
    to="/edit/1"
  >
    <h3>
      Description: 
      Gum
    </h3>
  </Link>
  <p>
    $1.80
    -
    January 1st, 1970
  </p>
</div>
`;
